{
  "1:115": {
    "type": "start",
    "text": "Some feature",
    "connections": {
      "1:116": "Connector line"
    }
  },
  "1:116": {
    "type": "serviceCall",
    "text": "api call demo",
    "connections": {
      "1:117": "Connector line"
    }
  },
  "1:117": {
    "type": "gateway",
    "text": "Errors from demo",
    "connections": {
      "1:127": "yes",
      "1:124": "no"
    }
  },
  "1:124": {
    "type": "message",
    "text": "Display stuff",
    "connections": {
      "4:199": "Connector line"
    }
  },
  "4:199": {
    "type": "gateway",
    "text": "A or B",
    "connections": {
      "4:252": "B",
      "4:215": "A"
    }
  },
  "4:215": {
    "type": "subprocess",
    "text": "Some subflow",
    "connections": {
      "4:240": "Connector line"
    }
  },
  "4:240": {
    "type": "connector",
    "text": "",
    "connections": {
      "4:456": "Connector line"
    }
  },
  "4:456": {
    "type": "subprocess",
    "text": "Validate fields Payment data",
    "connections": {
      "4:415": "Connector line"
    }
  },
  "4:415": {
    "type": "end",
    "text": "",
    "connections": {}
  },
  "4:252": {
    "type": "script",
    "text": "Show box",
    "connections": {
      "4:228": "Connector line"
    }
  },
  "4:228": {
    "type": "userAction",
    "text": "action",
    "connections": {
      "4:240": "Connector line",
      "4:313": "Action",
      "4:322": "Action"
    }
  },
  "4:322": {
    "type": "signalListen",
    "text": "Cancel",
    "connections": {
      "4:357": "Connector line"
    }
  },
  "4:357": {
    "type": "script",
    "text": "Clear page",
    "connections": {
      "4:348": "Connector line"
    }
  },
  "4:348": {
    "type": "signalSend",
    "text": "Go back to registration page",
    "connections": {}
  },
  "4:313": {
    "type": "signalListen",
    "text": "Take action",
    "connections": {
      "4:382": "Connector line"
    }
  },
  "4:382": {
    "type": "script",
    "text": "Hide box",
    "connections": {
      "4:398": "Connector line"
    }
  },
  "4:398": {
    "type": "subprocess",
    "text": "Saved payee Yet another subflow",
    "connections": {}
  },
  "1:127": {
    "type": "message",
    "text": "Could not load page",
    "connections": {}
  },
  "1:601": {
    "type": "table",
    "text": "Some feature",
    "rows": [
      [
        "Label (Only guiding)",
        "Component type",
        "Properties",
        "Special Requirement"
      ],
      [
        "Land",
        "DropdownInputSelectDesktop",
        "Required\nString [Format: 1-2 characters]",
        "Default value “Sverige”"
      ],
      [
        "Mottagarens namn",
        "Input field",
        "Required\nString [Format: 1-35 characters]",
        ""
      ],
      [
        "Gatuadress",
        "Input field",
        "Required\nString [Format: 1-35 characters]",
        ""
      ],
      [
        "Postnummer",
        "Input field",
        "Required \nString [Format: 1-35 characters]",
        ""
      ]
    ]
  }
}
