[
  {
    "name": "540466 User Story: Select Account",
    "scenarios": [
      {
        "given": [
          {
            "type": "connector",
            "text": "Errors from demo",
            "value": "yes"
          }
        ],
        "when": [],
        "then": [
          {
            "type": "serviceCall",
            "text": "api call demo"
          },
          {
            "type": "message",
            "text": "Could not load page"
          }
        ]
      },
      {
        "given": [
          {
            "type": "connector",
            "text": "Errors from demo",
            "value": "no"
          },
          {
            "type": "connector",
            "text": "A or B",
            "value": "A"
          }
        ],
        "when": [],
        "then": [
          {
            "type": "serviceCall",
            "text": "api call demo"
          },
          {
            "type": "message",
            "text": "Display stuff"
          },
          {
            "type": "subprocess",
            "text": "Some subflow"
          },
          {
            "type": "subprocess",
            "text": "Validate fields Payment data"
          }
        ]
      },
      {
        "given": [
          {
            "type": "connector",
            "text": "Errors from demo",
            "value": "no"
          },
          {
            "type": "connector",
            "text": "A or B",
            "value": "B"
          }
        ],
        "when": [],
        "then": [
          {
            "type": "serviceCall",
            "text": "api call demo"
          },
          {
            "type": "message",
            "text": "Display stuff"
          },
          {
            "type": "script",
            "text": "Some script"
          },
          {
            "type": "subprocess",
            "text": "Validate fields Payment data"
          }
        ]
      },
      {
        "given": [
          {
            "type": "connector",
            "text": "Errors from demo",
            "value": "no"
          },
          {
            "type": "connector",
            "text": "A or B",
            "value": "B"
          }
        ],
        "when": [
          {
            "type": "signalListen",
            "text": "Take action"
          }
        ],
        "then": [
          {
            "type": "serviceCall",
            "text": "api call demo"
          },
          {
            "type": "message",
            "text": "Display stuff"
          },
          {
            "type": "script",
            "text": "Some script"
          },
          {
            "type": "script",
            "text": "Show something"
          },
          {
            "type": "subprocess",
            "text": "Saved payee Yet another subflow"
          }
        ]
      },
      {
        "given": [
          {
            "type": "connector",
            "text": "Errors from demo",
            "value": "no"
          },
          {
            "type": "connector",
            "text": "A or B",
            "value": "B"
          }
        ],
        "when": [
          {
            "type": "signalListen",
            "text": "Cancel"
          }
        ],
        "then": [
          {
            "type": "serviceCall",
            "text": "api call demo"
          },
          {
            "type": "message",
            "text": "Display stuff"
          },
          {
            "type": "script",
            "text": "Some script"
          },
          {
            "type": "script",
            "text": "Clear page"
          }
        ]
      }
    ],
    "tables": [
      {
        "header": [
          "Component type",
          "Properties",
          "Special Requirement"
        ],
        "rows": [
          {
            "label": "Land",
            "values": [
              "DropdownInputSelectDesktop",
              "RequiredString Format 12 characters",
              "Default value Sverige"
            ]
          },
          {
            "label": "Mottagarens namn",
            "values": [
              "Input field",
              "RequiredString Format 135 characters",
              ""
            ]
          },
          {
            "label": "Gatuadress",
            "values": [
              "Input field",
              "RequiredString Format 135 characters",
              ""
            ]
          },
          {
            "label": "Postnummer",
            "values": [
              "Input field",
              "Required String Format 135 characters",
              ""
            ]
          }
        ]
      }
    ]
  }
]
